[{"stream_name":"stderr","time":8.339781533,"data":"/usr/local/lib/python3.12/dist-packages/nbformat/__init__.py:96: MissingIDFieldWarning: Cell is missing an id field, this will become a hard error in future nbformat versions. You may want to use `normalize()` on your notebooks before validations (available since nbformat 5.1.4). Previous versions of nbformat are fixing this issue transparently, and will stop doing so in the future.\n"}
,{"stream_name":"stderr","time":8.339870993,"data":"  validate(nb)\n"}
,{"stream_name":"stderr","time":9.653929725,"data":"0.00s - Debugger warning: It seems that frozen modules are being used, which may\n"}
,{"stream_name":"stderr","time":9.653963356,"data":"0.00s - make the debugger miss breakpoints. Please pass -Xfrozen_modules=off\n"}
,{"stream_name":"stderr","time":9.653969606,"data":"0.00s - to python to disable frozen modules.\n"}
,{"stream_name":"stderr","time":9.653973874,"data":"0.00s - Note: Debugging will proceed. Set PYDEVD_DISABLE_FILE_VALIDATION=1 to disable this validation.\n"}
,{"stream_name":"stderr","time":10.478525925,"data":"0.00s - Debugger warning: It seems that frozen modules are being used, which may\n"}
,{"stream_name":"stderr","time":10.478562447,"data":"0.00s - make the debugger miss breakpoints. Please pass -Xfrozen_modules=off\n"}
,{"stream_name":"stderr","time":10.47856631,"data":"0.00s - to python to disable frozen modules.\n"}
,{"stream_name":"stderr","time":10.478569301,"data":"0.00s - Note: Debugging will proceed. Set PYDEVD_DISABLE_FILE_VALIDATION=1 to disable this validation.\n"}
,{"stream_name":"stdout","time":51.639452096,"data":"device: cpu\n"}
,{"stream_name":"stderr","time":115.734545889,"data":"'[Errno -3] Temporary failure in name resolution' thrown while requesting HEAD https://huggingface.co/datasets/HuggingFaceTB/smol-smoltalk/resolve/main/README.md\n"}
,{"stream_name":"stderr","time":115.734601662,"data":"\n"}
,{"stream_name":"stderr","time":115.734609145,"data":"'[Errno -3] Temporary failure in name resolution' thrown while requesting HEAD https://huggingface.co/datasets/HuggingFaceTB/smol-smoltalk/resolve/main/README.md\n"}
,{"stream_name":"stderr","time":115.735870687,"data":"Retrying in 1s [Retry 1/5].\n"}
,{"stream_name":"stderr","time":115.735909726,"data":"\n"}
,{"stream_name":"stderr","time":115.735915975,"data":"Retrying in 1s [Retry 1/5].\n"}
,{"stream_name":"stderr","time":118.693159199,"data":"Traceback (most recent call last):\n"}
,{"stream_name":"stderr","time":118.693211486,"data":"  File \"\u003cstring\u003e\", line 1, in \u003cmodule\u003e\n"}
,{"stream_name":"stderr","time":118.693220187,"data":"  File \"/usr/local/lib/python3.12/dist-packages/papermill/execute.py\", line 131, in execute_notebook\n"}
,{"stream_name":"stderr","time":118.693269278,"data":"    raise_for_execution_errors(nb, output_path)\n"}
,{"stream_name":"stderr","time":118.693390978,"data":"  File \"/usr/local/lib/python3.12/dist-packages/papermill/execute.py\", line 251, in raise_for_execution_errors\n"}
,{"stream_name":"stderr","time":118.694495283,"data":"    raise error\n"}
,{"stream_name":"stderr","time":118.694525863,"data":"papermill.exceptions.PapermillExecutionError: \n"}
,{"stream_name":"stderr","time":118.694532141,"data":"---------------------------------------------------------------------------\n"}
,{"stream_name":"stderr","time":118.694537283,"data":"Exception encountered at \"In [3]\":\n"}
,{"stream_name":"stderr","time":118.694542436,"data":"---------------------------------------------------------------------------\n"}
,{"stream_name":"stderr","time":118.69454785,"data":"RuntimeError                              Traceback (most recent call last)\n"}
,{"stream_name":"stderr","time":118.694552999,"data":"/tmp/ipykernel_16/2474772285.py in \u003ccell line: 0\u003e()\n"}
,{"stream_name":"stderr","time":118.694571918,"data":"----\u003e 1 raw_ds = load_dataset('HuggingFaceTB/smol-smoltalk', split='train[:500]')\n"}
,{"stream_name":"stderr","time":118.694576729,"data":"      2 \n"}
,{"stream_name":"stderr","time":118.694580792,"data":"      3 def to_chat_text(example):\n"}
,{"stream_name":"stderr","time":118.694584585,"data":"      4     parts = []\n"}
,{"stream_name":"stderr","time":118.694588327,"data":"      5     for msg in example['messages']:\n"}
,{"stream_name":"stderr","time":118.694592961,"data":"\n"}
,{"stream_name":"stderr","time":118.694597252,"data":"/usr/local/lib/python3.12/dist-packages/datasets/load.py in load_dataset(path, name, data_dir, data_files, split, cache_dir, features, download_config, download_mode, verification_mode, keep_in_memory, save_infos, revision, token, streaming, num_proc, storage_options, **config_kwargs)\n"}
,{"stream_name":"stderr","time":118.694603154,"data":"   1696 \n"}
,{"stream_name":"stderr","time":118.694607108,"data":"   1697     # Create a dataset builder\n"}
,{"stream_name":"stderr","time":118.69461099,"data":"-\u003e 1698     builder_instance = load_dataset_builder(\n"}
,{"stream_name":"stderr","time":118.69461516,"data":"   1699         path=path,\n"}
,{"stream_name":"stderr","time":118.694618981,"data":"   1700         name=name,\n"}
,{"stream_name":"stderr","time":118.694622811,"data":"\n"}
,{"stream_name":"stderr","time":118.694627826,"data":"/usr/local/lib/python3.12/dist-packages/datasets/load.py in load_dataset_builder(path, name, data_dir, data_files, cache_dir, features, download_config, download_mode, revision, token, storage_options, **config_kwargs)\n"}
,{"stream_name":"stderr","time":118.694632486,"data":"   1323     if features is not None:\n"}
,{"stream_name":"stderr","time":118.694636548,"data":"   1324         features = _fix_for_backward_compatible_features(features)\n"}
,{"stream_name":"stderr","time":118.694641229,"data":"-\u003e 1325     dataset_module = dataset_module_factory(\n"}
,{"stream_name":"stderr","time":118.694645783,"data":"   1326         path,\n"}
,{"stream_name":"stderr","time":118.694649399,"data":"   1327         revision=revision,\n"}
,{"stream_name":"stderr","time":118.694653417,"data":"\n"}
,{"stream_name":"stderr","time":118.694657249,"data":"/usr/local/lib/python3.12/dist-packages/datasets/load.py in dataset_module_factory(path, revision, download_config, download_mode, data_dir, data_files, cache_dir, **download_kwargs)\n"}
,{"stream_name":"stderr","time":118.694662005,"data":"   1215                         f\"Couldn't find '{path}' on the Hugging Face Hub either: {type(e1).__name__}: {e1}\"\n"}
,{"stream_name":"stderr","time":118.694667012,"data":"   1216                     ) from None\n"}
,{"stream_name":"stderr","time":118.694671347,"data":"-\u003e 1217                 raise e1 from None\n"}
,{"stream_name":"stderr","time":118.694675584,"data":"   1218     else:\n"}
,{"stream_name":"stderr","time":118.694679609,"data":"   1219         raise FileNotFoundError(f\"Couldn't find any data file at {relative_to_absolute_path(path)}.\")\n"}
,{"stream_name":"stderr","time":118.694684034,"data":"\n"}
,{"stream_name":"stderr","time":118.694689412,"data":"/usr/local/lib/python3.12/dist-packages/datasets/load.py in dataset_module_factory(path, revision, download_config, download_mode, data_dir, data_files, cache_dir, **download_kwargs)\n"}
,{"stream_name":"stderr","time":118.694694244,"data":"   1122             try:\n"}
,{"stream_name":"stderr","time":118.694698155,"data":"   1123                 _raise_if_offline_mode_is_enabled()\n"}
,{"stream_name":"stderr","time":118.694727311,"data":"-\u003e 1124                 dataset_readme_path = api.hf_hub_download(\n"}
,{"stream_name":"stderr","time":118.694737221,"data":"   1125                     repo_id=path,\n"}
,{"stream_name":"stderr","time":118.694741046,"data":"   1126                     filename=config.REPOCARD_FILENAME,\n"}
,{"stream_name":"stderr","time":118.694745378,"data":"\n"}
,{"stream_name":"stderr","time":118.694749258,"data":"/usr/local/lib/python3.12/dist-packages/huggingface_hub/utils/_validators.py in _inner_fn(*args, **kwargs)\n"}
,{"stream_name":"stderr","time":118.694753246,"data":"     86         kwargs = smoothly_deprecate_legacy_arguments(fn_name=fn.__name__, kwargs=kwargs)\n"}
,{"stream_name":"stderr","time":118.694757352,"data":"     87 \n"}
,{"stream_name":"stderr","time":118.694761474,"data":"---\u003e 88         return fn(*args, **kwargs)\n"}
,{"stream_name":"stderr","time":118.69476575,"data":"     89 \n"}
,{"stream_name":"stderr","time":118.694769622,"data":"     90     return _inner_fn  # type: ignore\n"}
,{"stream_name":"stderr","time":118.694773906,"data":"\n"}
,{"stream_name":"stderr","time":118.694777866,"data":"/usr/local/lib/python3.12/dist-packages/huggingface_hub/hf_api.py in hf_hub_download(self, repo_id, filename, subfolder, repo_type, revision, cache_dir, local_dir, force_download, etag_timeout, token, local_files_only, tqdm_class, dry_run)\n"}
,{"stream_name":"stderr","time":118.694782679,"data":"   6165             token = self.token\n"}
,{"stream_name":"stderr","time":118.694787073,"data":"   6166 \n"}
,{"stream_name":"stderr","time":118.69479115,"data":"-\u003e 6167         return hf_hub_download(\n"}
,{"stream_name":"stderr","time":118.694795223,"data":"   6168             repo_id=repo_id,\n"}
,{"stream_name":"stderr","time":118.694799283,"data":"   6169             filename=filename,\n"}
,{"stream_name":"stderr","time":118.694803555,"data":"\n"}
,{"stream_name":"stderr","time":118.694807963,"data":"/usr/local/lib/python3.12/dist-packages/huggingface_hub/utils/_validators.py in _inner_fn(*args, **kwargs)\n"}
,{"stream_name":"stderr","time":118.694812371,"data":"     86         kwargs = smoothly_deprecate_legacy_arguments(fn_name=fn.__name__, kwargs=kwargs)\n"}
,{"stream_name":"stderr","time":118.69481696,"data":"     87 \n"}
,{"stream_name":"stderr","time":118.694820529,"data":"---\u003e 88         return fn(*args, **kwargs)\n"}
,{"stream_name":"stderr","time":118.694824997,"data":"     89 \n"}
,{"stream_name":"stderr","time":118.694829354,"data":"     90     return _inner_fn  # type: ignore\n"}
,{"stream_name":"stderr","time":118.694833341,"data":"\n"}
,{"stream_name":"stderr","time":118.694940874,"data":"/usr/local/lib/python3.12/dist-packages/huggingface_hub/file_download.py in hf_hub_download(repo_id, filename, subfolder, repo_type, revision, library_name, library_version, cache_dir, local_dir, user_agent, force_download, etag_timeout, token, local_files_only, headers, endpoint, tqdm_class, dry_run)\n"}
,{"stream_name":"stderr","time":118.695108878,"data":"    995         )\n"}
,{"stream_name":"stderr","time":118.695149436,"data":"    996     else:\n"}
,{"stream_name":"stderr","time":118.695182826,"data":"--\u003e 997         return _hf_hub_download_to_cache_dir(\n"}
,{"stream_name":"stderr","time":118.695214698,"data":"    998             # Destination\n"}
,{"stream_name":"stderr","time":118.69524519,"data":"    999             cache_dir=cache_dir,\n"}
,{"stream_name":"stderr","time":118.695276614,"data":"\n"}
,{"stream_name":"stderr","time":118.695308298,"data":"/usr/local/lib/python3.12/dist-packages/huggingface_hub/file_download.py in _hf_hub_download_to_cache_dir(cache_dir, repo_id, filename, repo_type, revision, endpoint, etag_timeout, headers, token, local_files_only, force_download, tqdm_class, dry_run)\n"}
,{"stream_name":"stderr","time":118.695392313,"data":"   1128                 logger.info(\"No local file found. Retrying..\")\n"}
,{"stream_name":"stderr","time":118.695442723,"data":"   1129                 (url_to_download, etag, commit_hash, expected_size, xet_file_data, head_call_error) = (\n"}
,{"stream_name":"stderr","time":118.695485375,"data":"-\u003e 1130                     _get_metadata_or_catch_error(\n"}
,{"stream_name":"stderr","time":118.695527885,"data":"   1131                         repo_id=repo_id,\n"}
,{"stream_name":"stderr","time":118.695569725,"data":"   1132                         filename=filename,\n"}
,{"stream_name":"stderr","time":118.695630799,"data":"\n"}
,{"stream_name":"stderr","time":118.695669237,"data":"/usr/local/lib/python3.12/dist-packages/huggingface_hub/file_download.py in _get_metadata_or_catch_error(repo_id, filename, repo_type, revision, endpoint, etag_timeout, headers, token, local_files_only, relative_filename, storage_folder, retry_on_errors)\n"}
,{"stream_name":"stderr","time":118.695747037,"data":"   1667         try:\n"}
,{"stream_name":"stderr","time":118.69581491,"data":"   1668             try:\n"}
,{"stream_name":"stderr","time":118.695849225,"data":"-\u003e 1669                 metadata = get_hf_file_metadata(\n"}
,{"stream_name":"stderr","time":118.695913003,"data":"   1670                     url=url,\n"}
,{"stream_name":"stderr","time":118.695947387,"data":"   1671                     timeout=etag_timeout,\n"}
,{"stream_name":"stderr","time":118.695991645,"data":"\n"}
,{"stream_name":"stderr","time":118.696065697,"data":"/usr/local/lib/python3.12/dist-packages/huggingface_hub/utils/_validators.py in _inner_fn(*args, **kwargs)\n"}
,{"stream_name":"stderr","time":118.696130811,"data":"     86         kwargs = smoothly_deprecate_legacy_arguments(fn_name=fn.__name__, kwargs=kwargs)\n"}
,{"stream_name":"stderr","time":118.696177283,"data":"     87 \n"}
,{"stream_name":"stderr","time":118.696240282,"data":"---\u003e 88         return fn(*args, **kwargs)\n"}
,{"stream_name":"stderr","time":118.696282512,"data":"     89 \n"}
,{"stream_name":"stderr","time":118.696335547,"data":"     90     return _inner_fn  # type: ignore\n"}
,{"stream_name":"stderr","time":118.69641873,"data":"\n"}
,{"stream_name":"stderr","time":118.696489421,"data":"/usr/local/lib/python3.12/dist-packages/huggingface_hub/file_download.py in get_hf_file_metadata(url, token, timeout, library_name, library_version, user_agent, headers, endpoint, retry_on_errors)\n"}
,{"stream_name":"stderr","time":118.696519736,"data":"   1589 \n"}
,{"stream_name":"stderr","time":118.696544937,"data":"   1590     # Retrieve metadata\n"}
,{"stream_name":"stderr","time":118.696616926,"data":"-\u003e 1591     response = _httpx_follow_relative_redirects_with_backoff(\n"}
,{"stream_name":"stderr","time":118.696677685,"data":"   1592         method=\"HEAD\", url=url, headers=hf_headers, timeout=timeout, retry_on_errors=retry_on_errors\n"}
,{"stream_name":"stderr","time":118.696709734,"data":"   1593     )\n"}
,{"stream_name":"stderr","time":118.696746051,"data":"\n"}
,{"stream_name":"stderr","time":118.696775477,"data":"/usr/local/lib/python3.12/dist-packages/huggingface_hub/utils/_http.py in _httpx_follow_relative_redirects_with_backoff(method, url, retry_on_errors, **httpx_kwargs)\n"}
,{"stream_name":"stderr","time":118.696848483,"data":"    683 \n"}
,{"stream_name":"stderr","time":118.6968883,"data":"    684     while True:\n"}
,{"stream_name":"stderr","time":118.696949078,"data":"--\u003e 685         response = http_backoff(\n"}
,{"stream_name":"stderr","time":118.697004985,"data":"    686             method=method,\n"}
,{"stream_name":"stderr","time":118.69707035,"data":"    687             url=url,\n"}
,{"stream_name":"stderr","time":118.697113877,"data":"\n"}
,{"stream_name":"stderr","time":118.697167472,"data":"/usr/local/lib/python3.12/dist-packages/huggingface_hub/utils/_http.py in http_backoff(method, url, max_retries, base_wait_time, max_wait_time, retry_on_exceptions, retry_on_status_codes, **kwargs)\n"}
,{"stream_name":"stderr","time":118.697229078,"data":"    557     \u003e issue on [Github](https://github.com/huggingface/huggingface_hub).\n"}
,{"stream_name":"stderr","time":118.697280477,"data":"    558     \"\"\"\n"}
,{"stream_name":"stderr","time":118.69734023,"data":"--\u003e 559     return next(\n"}
,{"stream_name":"stderr","time":118.697427214,"data":"    560         _http_backoff_base(\n"}
,{"stream_name":"stderr","time":118.697487829,"data":"    561             method=method,\n"}
,{"stream_name":"stderr","time":118.697516856,"data":"\n"}
,{"stream_name":"stderr","time":118.697564057,"data":"/usr/local/lib/python3.12/dist-packages/huggingface_hub/utils/_http.py in _http_backoff_base(method, url, max_retries, base_wait_time, max_wait_time, retry_on_exceptions, retry_on_status_codes, stream, **kwargs)\n"}
,{"stream_name":"stderr","time":118.697607109,"data":"    465                         return\n"}
,{"stream_name":"stderr","time":118.697658641,"data":"    466             else:\n"}
,{"stream_name":"stderr","time":118.697732082,"data":"--\u003e 467                 response = client.request(method=method, url=url, **kwargs)\n"}
,{"stream_name":"stderr","time":118.697802453,"data":"    468                 if not _should_retry(response):\n"}
,{"stream_name":"stderr","time":118.697871571,"data":"    469                     yield response\n"}
,{"stream_name":"stderr","time":118.697891967,"data":"\n"}
,{"stream_name":"stderr","time":118.69789975,"data":"/usr/local/lib/python3.12/dist-packages/httpx/_client.py in request(self, method, url, content, data, files, json, params, headers, cookies, auth, follow_redirects, timeout, extensions)\n"}
,{"stream_name":"stderr","time":118.697904785,"data":"    823             extensions=extensions,\n"}
,{"stream_name":"stderr","time":118.69790887,"data":"    824         )\n"}
,{"stream_name":"stderr","time":118.697913457,"data":"--\u003e 825         return self.send(request, auth=auth, follow_redirects=follow_redirects)\n"}
,{"stream_name":"stderr","time":118.697917819,"data":"    826 \n"}
,{"stream_name":"stderr","time":118.697921731,"data":"    827     @contextmanager\n"}
,{"stream_name":"stderr","time":118.6979261,"data":"\n"}
,{"stream_name":"stderr","time":118.697929977,"data":"/usr/local/lib/python3.12/dist-packages/httpx/_client.py in send(self, request, stream, auth, follow_redirects)\n"}
,{"stream_name":"stderr","time":118.697934697,"data":"    899         \"\"\"\n"}
,{"stream_name":"stderr","time":118.697938369,"data":"    900         if self._state == ClientState.CLOSED:\n"}
,{"stream_name":"stderr","time":118.697942354,"data":"--\u003e 901             raise RuntimeError(\"Cannot send a request, as the client has been closed.\")\n"}
,{"stream_name":"stderr","time":118.697946698,"data":"    902 \n"}
,{"stream_name":"stderr","time":118.697950431,"data":"    903         self._state = ClientState.OPENED\n"}
,{"stream_name":"stderr","time":118.697954769,"data":"\n"}
,{"stream_name":"stderr","time":118.697958588,"data":"RuntimeError: Cannot send a request, as the client has been closed.\n"}
,{"stream_name":"stderr","time":118.697963077,"data":"\n"}
,{"stream_name":"stderr","time":121.624662335,"data":"/usr/local/lib/python3.12/dist-packages/mistune.py:435: SyntaxWarning: invalid escape sequence '\\|'\n"}
,{"stream_name":"stderr","time":121.624738658,"data":"  cells[i][c] = re.sub('\\\\\\\\\\|', '|', cell)\n"}
,{"stream_name":"stderr","time":121.844657739,"data":"/usr/local/lib/python3.12/dist-packages/nbconvert/filters/filter_links.py:36: SyntaxWarning: invalid escape sequence '\\_'\n"}
,{"stream_name":"stderr","time":121.84470401,"data":"  text = re.sub(r'_', '\\_', text) # Escape underscores in display text\n"}
,{"stream_name":"stderr","time":122.626393294,"data":"[NbConvertApp] Converting notebook __notebook__.ipynb to notebook\n"}
,{"stream_name":"stderr","time":123.039637079,"data":"[NbConvertApp] Writing 37030 bytes to __notebook__.ipynb\n"}
,{"stream_name":"stderr","time":126.224022561,"data":"[NbConvertApp] Converting notebook __notebook__.ipynb to html\n"}
,{"stream_name":"stderr","time":127.354778633,"data":"[NbConvertApp] Writing 347671 bytes to __results__.html\n"}
]